2025-11-10 00:27:07,880 [INFO    ] Starting automation with respondent quotas...
2025-11-10 00:27:07,881 [INFO    ] Target: At least 300 total submissions.
2025-11-10 00:27:07,881 [INFO    ] Absolute Stop: Script will stop if it reaches 400 total submissions.
2025-11-10 00:27:09,447 [INFO    ] 
--- Starting Submission 1 ---
2025-11-10 00:27:09,448 [INFO    ] Running for: CITHM (Persona: officer)
2025-11-10 00:27:11,221 [INFO    ] Page loaded successfully on attempt 1.
2025-11-10 00:27:11,234 [INFO    ] Found 39 question blocks to fill...
2025-11-10 00:27:11,472 [INFO    ]   ... answered question 1/39, sleeping 5.0-7.0s...
2025-11-10 00:27:17,434 [INFO    ]   ... answered question 2/39, sleeping 5.0-7.0s...
2025-11-10 00:27:22,735 [INFO    ]   ... answered question 3/39, sleeping 5.0-7.0s...
2025-11-10 00:27:27,912 [INFO    ]   ... answered question 4/39, sleeping 5.0-7.0s...
2025-11-10 00:27:34,858 [INFO    ]   ... answered question 5/39, sleeping 5.0-7.0s...
2025-11-10 00:27:41,853 [INFO    ]   ... answered question 6/39, sleeping 5.0-7.0s...
2025-11-10 00:27:48,018 [INFO    ]   ... answered question 7/39, sleeping 5.0-7.0s...
2025-11-10 00:27:54,757 [INFO    ]   ... answered question 8/39, sleeping 5.0-7.0s...
2025-11-10 00:28:01,015 [INFO    ]   ... answered question 9/39, sleeping 5.0-7.0s...
2025-11-10 00:28:08,148 [INFO    ]   ... answered question 10/39, sleeping 5.0-7.0s...
2025-11-10 00:28:14,829 [INFO    ]   ... answered question 11/39, sleeping 5.0-7.0s...
2025-11-10 00:28:20,181 [INFO    ]   ... answered question 12/39, sleeping 5.0-7.0s...
2025-11-10 00:28:27,177 [INFO    ]   ... answered question 13/39, sleeping 5.0-7.0s...
2025-11-10 00:28:32,705 [INFO    ]   ... answered question 14/39, sleeping 5.0-7.0s...
2025-11-10 00:28:38,084 [INFO    ]   ... answered question 15/39, sleeping 5.0-7.0s...
2025-11-10 00:28:44,531 [INFO    ]   ... answered question 16/39, sleeping 5.0-7.0s...
2025-11-10 00:28:50,108 [INFO    ]   ... answered question 17/39, sleeping 5.0-7.0s...
2025-11-10 00:28:56,480 [INFO    ]   ... answered question 18/39, sleeping 5.0-7.0s...
2025-11-10 00:29:03,232 [INFO    ]   ... answered question 19/39, sleeping 5.0-7.0s...
2025-11-10 00:29:10,324 [INFO    ]   ... answered question 20/39, sleeping 5.0-7.0s...
2025-11-10 00:29:15,585 [INFO    ]   ... answered question 21/39, sleeping 5.0-7.0s...
2025-11-10 00:29:21,610 [INFO    ]   ... answered question 22/39, sleeping 5.0-7.0s...
2025-11-10 00:29:28,181 [INFO    ]   ... answered question 23/39, sleeping 5.0-7.0s...
2025-11-10 00:29:34,811 [INFO    ]   ... answered question 24/39, sleeping 5.0-7.0s...
2025-11-10 00:29:40,917 [INFO    ]   ... answered question 25/39, sleeping 5.0-7.0s...
2025-11-10 00:29:46,285 [INFO    ]   ... answered question 26/39, sleeping 5.0-7.0s...
2025-11-10 00:29:54,922 [INFO    ]   ... answered question 27/39, sleeping 5.0-7.0s...
2025-11-10 00:30:02,731 [INFO    ]   ... answered question 28/39, sleeping 5.0-7.0s...
2025-11-10 00:30:07,990 [INFO    ]   ... answered question 29/39, sleeping 5.0-7.0s...
2025-11-10 00:30:14,083 [INFO    ]   ... answered question 30/39, sleeping 5.0-7.0s...
2025-11-10 00:30:20,388 [INFO    ]   ... answered question 31/39, sleeping 5.0-7.0s...
2025-11-10 00:30:26,614 [INFO    ]   ... answered question 32/39, sleeping 5.0-7.0s...
2025-11-10 00:30:32,853 [INFO    ]   ... answered question 33/39, sleeping 5.0-7.0s...
2025-11-10 00:30:39,646 [INFO    ]   ... answered question 34/39, sleeping 5.0-7.0s...
2025-11-10 00:30:46,225 [INFO    ]   ... answered question 35/39, sleeping 5.0-7.0s...
2025-11-10 00:30:52,675 [INFO    ]   ... answered question 36/39, sleeping 5.0-7.0s...
2025-11-10 00:30:58,444 [INFO    ]   ... answered question 37/39, sleeping 5.0-7.0s...
2025-11-10 00:31:04,935 [INFO    ]   ... answered question 38/39, sleeping 5.0-7.0s...
2025-11-10 00:31:12,075 [INFO    ]   ... answered question 39/39, sleeping 5.0-7.0s...
2025-11-10 00:31:18,110 [INFO    ] Submission 1 complete and logged for CITHM.
2025-11-10 00:31:20,846 [INFO    ] 
--- FINAL SUBMISSION REPORT ---
2025-11-10 00:31:20,847 [INFO    ]   CITHM: 1 (Target: 201-268)
2025-11-10 00:31:20,847 [INFO    ]   COT: 0 (Target: 21-28)
2025-11-10 00:31:20,848 [INFO    ]   CIR: 0 (Target: 7-9)
2025-11-10 00:31:20,848 [INFO    ]   CBA: 0 (Target: 41-55)
2025-11-10 00:31:20,849 [INFO    ]   CAS: 0 (Target: 30-40)
2025-11-10 00:31:20,849 [INFO    ] Total Submissions: 1
2025-11-10 00:31:20,849 [INFO    ] Automation finished.
2025-11-10 00:45:48,973 [INFO    ] =============================================
2025-11-10 00:45:48,974 [INFO    ] Starting automation with respondent quotas...
2025-11-10 00:45:48,974 [INFO    ] No state file 'submission_state.json' found. Starting a fresh run.
2025-11-10 00:45:48,974 [INFO    ] Target: At least 300 total submissions.
2025-11-10 00:45:48,974 [INFO    ] Absolute Stop: Script will stop if it reaches 400 total submissions.
2025-11-10 00:45:48,975 [INFO    ] Resuming with 0 total submissions already logged.
2025-11-10 00:45:50,421 [INFO    ] 
--- Starting Submission 1 ---
2025-11-10 00:45:50,423 [INFO    ] Running for: CITHM (Persona: apathetic)
2025-11-10 00:45:52,593 [INFO    ] Page loaded successfully on attempt 1.
2025-11-10 00:45:52,610 [INFO    ] Found 39 question blocks to fill...
2025-11-10 00:45:52,611 [INFO    ]   ... 'reading' question 1/39, sleeping 5.0-7.0s...
2025-11-10 00:45:58,831 [INFO    ]   ... 'reading' question 2/39, sleeping 5.0-7.0s...
2025-11-10 00:46:05,993 [INFO    ]   ... 'reading' question 3/39, sleeping 5.0-7.0s...
2025-11-10 00:46:11,593 [INFO    ]   ... 'reading' question 4/39, sleeping 5.0-7.0s...
2025-11-10 00:46:18,020 [INFO    ]   ... 'reading' question 5/39, sleeping 5.0-7.0s...
2025-11-10 00:46:24,745 [INFO    ]   ... 'reading' question 6/39, sleeping 5.0-7.0s...
2025-11-10 00:46:30,153 [INFO    ]   ... 'reading' question 7/39, sleeping 5.0-7.0s...
2025-11-10 00:46:36,771 [INFO    ]   ... 'reading' question 8/39, sleeping 5.0-7.0s...
2025-11-10 00:46:43,871 [INFO    ]   ... 'reading' question 9/39, sleeping 5.0-7.0s...
2025-11-10 00:46:49,861 [INFO    ]   ... 'reading' question 10/39, sleeping 5.0-7.0s...
2025-11-10 00:46:55,201 [INFO    ]   ... 'reading' question 11/39, sleeping 5.0-7.0s...
2025-11-10 00:47:01,665 [INFO    ]   ... 'reading' question 12/39, sleeping 5.0-7.0s...
2025-11-10 00:47:07,980 [INFO    ]   ... 'reading' question 13/39, sleeping 5.0-7.0s...
2025-11-10 00:47:13,619 [INFO    ]   ... 'reading' question 14/39, sleeping 5.0-7.0s...
2025-11-10 00:47:19,941 [INFO    ]   ... 'reading' question 15/39, sleeping 5.0-7.0s...
2025-11-10 00:47:26,813 [INFO    ]   ... 'reading' question 16/39, sleeping 5.0-7.0s...
2025-11-10 00:47:32,129 [INFO    ]   ... 'reading' question 17/39, sleeping 5.0-7.0s...
2025-11-10 00:47:37,702 [INFO    ]   ... 'reading' question 18/39, sleeping 5.0-7.0s...
2025-11-10 00:47:44,480 [INFO    ]   ... 'reading' question 19/39, sleeping 5.0-7.0s...
2025-11-10 00:47:50,155 [INFO    ]   ... 'reading' question 20/39, sleeping 5.0-7.0s...
2025-11-10 00:47:56,471 [INFO    ]   ... 'reading' question 21/39, sleeping 5.0-7.0s...
2025-11-10 00:48:02,609 [INFO    ]   ... 'reading' question 22/39, sleeping 5.0-7.0s...
2025-11-10 00:48:09,557 [INFO    ]   ... 'reading' question 23/39, sleeping 5.0-7.0s...
2025-11-10 00:48:15,841 [INFO    ]   ... 'reading' question 24/39, sleeping 5.0-7.0s...
2025-11-10 00:48:21,055 [INFO    ]   ... 'reading' question 25/39, sleeping 5.0-7.0s...
2025-11-10 00:48:28,032 [INFO    ]   ... 'reading' question 26/39, sleeping 5.0-7.0s...
2025-11-10 00:48:34,530 [INFO    ]   ... 'reading' question 27/39, sleeping 5.0-7.0s...
2025-11-10 00:48:40,444 [INFO    ]   ... 'reading' question 28/39, sleeping 5.0-7.0s...
2025-11-10 00:48:46,643 [INFO    ]   ... 'reading' question 29/39, sleeping 5.0-7.0s...
2025-11-10 00:48:53,057 [INFO    ]   ... 'reading' question 30/39, sleeping 5.0-7.0s...
2025-11-10 00:48:59,558 [INFO    ]   ... 'reading' question 31/39, sleeping 5.0-7.0s...
2025-11-10 00:49:06,044 [INFO    ]   ... 'reading' question 32/39, sleeping 5.0-7.0s...
2025-11-10 00:49:11,843 [INFO    ]   ... 'reading' question 33/39, sleeping 5.0-7.0s...
2025-11-10 00:49:17,594 [INFO    ]   ... 'reading' question 34/39, sleeping 5.0-7.0s...
2025-11-10 00:49:23,577 [INFO    ]   ... 'reading' question 35/39, sleeping 5.0-7.0s...
2025-11-10 00:49:30,257 [INFO    ]   ... 'reading' question 36/39, sleeping 5.0-7.0s...
2025-11-10 00:49:36,833 [INFO    ]   ... 'reading' question 37/39, sleeping 5.0-7.0s...
2025-11-10 00:49:43,808 [INFO    ]   ... 'reading' question 38/39, sleeping 5.0-7.0s...
2025-11-10 00:49:50,116 [INFO    ]   ... 'reading' question 39/39, sleeping 5.0-7.0s...
2025-11-10 00:49:55,903 [INFO    ] Submission 1 complete and logged for CITHM.
2025-11-10 00:49:55,905 [INFO    ] Progress saved to submission_state.json.
2025-11-10 00:49:59,705 [INFO    ] 
--- FINAL SUBMISSION REPORT ---
2025-11-10 00:49:59,706 [INFO    ]   CITHM: 1 (Target: 201-268)
2025-11-10 00:49:59,706 [INFO    ]   COT: 0 (Target: 21-28)
2025-11-10 00:49:59,706 [INFO    ]   CIR: 0 (Target: 7-9)
2025-11-10 00:49:59,706 [INFO    ]   CBA: 0 (Target: 41-55)
2025-11-10 00:49:59,707 [INFO    ]   CAS: 0 (Target: 30-40)
2025-11-10 00:49:59,707 [INFO    ] Total Submissions: 1
2025-11-10 00:49:59,707 [INFO    ] Automation finished.
2025-11-10 00:53:05,035 [INFO    ] =============================================
2025-11-10 00:53:05,036 [INFO    ] Starting automation with respondent quotas...
2025-11-10 00:53:05,037 [INFO    ] Found state file 'submission_state.json'. Resuming progress...
2025-11-10 00:53:05,037 [INFO    ] Target: At least 300 total submissions.
2025-11-10 00:53:05,037 [INFO    ] Absolute Stop: Script will stop if it reaches 400 total submissions.
2025-11-10 00:53:05,038 [INFO    ] Resuming with 1 total submissions already logged.
2025-11-10 00:53:06,784 [INFO    ] 
--- Starting Submission 2 ---
2025-11-10 00:53:06,784 [INFO    ] Running for: CAS (Persona: uninformed)
2025-11-10 00:53:08,583 [INFO    ] Page loaded successfully on attempt 1.
2025-11-10 00:53:08,603 [INFO    ] Found 39 question blocks to fill...
2025-11-10 00:53:08,606 [ERROR   ] Error during submission 2: name 'QUESTION_MIN_DELAY' is not defined
2025-11-10 00:53:08,607 [INFO    ] Reloading page and skipping to next submission.
2025-11-10 00:53:14,424 [INFO    ] 
--- Starting Submission 3 ---
2025-11-10 00:53:14,424 [INFO    ] Running for: CIR (Persona: busy)
2025-11-10 00:53:15,743 [INFO    ] Page loaded successfully on attempt 1.
2025-11-10 00:53:15,754 [INFO    ] Found 39 question blocks to fill...
2025-11-10 00:53:15,755 [ERROR   ] Error during submission 3: name 'QUESTION_MIN_DELAY' is not defined
2025-11-10 00:53:15,755 [INFO    ] Reloading page and skipping to next submission.
2025-11-10 00:53:21,604 [INFO    ] 
--- Starting Submission 4 ---
2025-11-10 00:53:21,605 [INFO    ] Running for: CIR (Persona: officer)
2025-11-10 00:53:22,284 [INFO    ] Page loaded successfully on attempt 1.
2025-11-10 00:53:22,321 [INFO    ] Found 39 question blocks to fill...
2025-11-10 00:53:22,322 [ERROR   ] Error during submission 4: name 'QUESTION_MIN_DELAY' is not defined
2025-11-10 00:53:22,323 [INFO    ] Reloading page and skipping to next submission.
2025-11-10 00:53:29,114 [INFO    ] 
--- Starting Submission 5 ---
2025-11-10 00:53:29,115 [INFO    ] Running for: COT (Persona: default)
2025-11-10 00:53:29,687 [INFO    ] Page loaded successfully on attempt 1.
2025-11-10 00:53:29,794 [INFO    ] Found 39 question blocks to fill...
2025-11-10 00:53:29,795 [ERROR   ] Error during submission 5: name 'QUESTION_MIN_DELAY' is not defined
2025-11-10 00:53:29,795 [INFO    ] Reloading page and skipping to next submission.
2025-11-10 00:53:35,623 [INFO    ] 
--- Starting Submission 6 ---
2025-11-10 00:53:35,624 [INFO    ] Running for: COT (Persona: default)
2025-11-10 00:53:36,318 [INFO    ] Page loaded successfully on attempt 1.
2025-11-10 00:53:36,563 [INFO    ] Found 39 question blocks to fill...
2025-11-10 00:53:36,563 [ERROR   ] Error during submission 6: name 'QUESTION_MIN_DELAY' is not defined
2025-11-10 00:53:36,565 [INFO    ] Reloading page and skipping to next submission.
2025-11-10 00:53:43,500 [INFO    ] 
--- Starting Submission 7 ---
2025-11-10 00:53:43,501 [INFO    ] Running for: CAS (Persona: apathetic)
2025-11-10 00:53:44,414 [INFO    ] Page loaded successfully on attempt 1.
2025-11-10 00:53:44,504 [INFO    ] Found 39 question blocks to fill...
2025-11-10 00:53:44,504 [ERROR   ] Error during submission 7: name 'QUESTION_MIN_DELAY' is not defined
2025-11-10 00:53:44,505 [INFO    ] Reloading page and skipping to next submission.
2025-11-10 00:53:50,742 [INFO    ] 
--- Starting Submission 8 ---
2025-11-10 00:53:50,743 [INFO    ] Running for: CAS (Persona: busy)
2025-11-10 00:53:51,320 [INFO    ] Page loaded successfully on attempt 1.
2025-11-10 00:53:51,412 [INFO    ] Found 39 question blocks to fill...
2025-11-10 00:53:51,412 [ERROR   ] Error during submission 8: name 'QUESTION_MIN_DELAY' is not defined
2025-11-10 00:53:51,413 [INFO    ] Reloading page and skipping to next submission.
2025-11-10 00:53:55,166 [INFO    ] 
--- FINAL SUBMISSION REPORT ---
2025-11-10 00:53:55,166 [INFO    ]   CITHM: 1 (Target: 201-268)
2025-11-10 00:53:55,166 [INFO    ]   COT: 0 (Target: 21-28)
2025-11-10 00:53:55,167 [INFO    ]   CIR: 0 (Target: 7-9)
2025-11-10 00:53:55,167 [INFO    ]   CBA: 0 (Target: 41-55)
2025-11-10 00:53:55,167 [INFO    ]   CAS: 0 (Target: 30-40)
2025-11-10 00:53:55,167 [INFO    ] Total Submissions: 8
2025-11-10 00:53:55,168 [INFO    ] Automation finished.
2025-11-10 00:55:17,563 [INFO    ] =============================================
2025-11-10 00:55:17,564 [INFO    ] Starting automation with respondent quotas...
2025-11-10 00:55:17,565 [INFO    ] Found state file 'submission_state.json'. Resuming progress...
2025-11-10 00:55:17,565 [INFO    ] Target: At least 300 total submissions.
2025-11-10 00:55:17,565 [INFO    ] Absolute Stop: Script will stop if it reaches 10 total submissions.
2025-11-10 00:55:17,566 [INFO    ] Resuming with 1 total submissions already logged.
2025-11-10 00:55:19,098 [INFO    ] 
--- Starting Submission 2 ---
2025-11-10 00:55:19,098 [INFO    ] Running for: CAS (Persona: officer)
2025-11-10 00:55:20,347 [INFO    ] Page loaded successfully on attempt 1.
2025-11-10 00:55:20,368 [INFO    ] Found 39 question blocks to fill... (Persona: officer, Speed: 5.0-8.0s)
2025-11-10 00:55:20,369 [INFO    ]   ... 'reading' question 1/39, sleeping 5.0-8.0s...
2025-11-10 00:55:27,526 [INFO    ]   ... 'reading' question 2/39, sleeping 5.0-8.0s...
2025-11-10 00:55:34,133 [INFO    ]   ... 'reading' question 3/39, sleeping 5.0-8.0s...
2025-11-10 00:55:40,623 [INFO    ]   ... 'reading' question 4/39, sleeping 5.0-8.0s...
2025-11-10 00:55:47,214 [INFO    ]   ... 'reading' question 5/39, sleeping 5.0-8.0s...
2025-11-10 00:55:52,581 [INFO    ]   ... 'reading' question 6/39, sleeping 5.0-8.0s...
2025-11-10 00:56:01,317 [INFO    ]   ... 'reading' question 7/39, sleeping 5.0-8.0s...
2025-11-10 00:56:06,713 [INFO    ]   ... 'reading' question 8/39, sleeping 5.0-8.0s...
2025-11-10 00:56:13,371 [INFO    ]   ... 'reading' question 9/39, sleeping 5.0-8.0s...
2025-11-10 00:56:20,348 [INFO    ]   ... 'reading' question 10/39, sleeping 5.0-8.0s...
2025-11-10 00:56:27,409 [INFO    ]   ... 'reading' question 11/39, sleeping 5.0-8.0s...
2025-11-10 00:56:33,004 [INFO    ]   ... 'reading' question 12/39, sleeping 5.0-8.0s...
2025-11-10 00:56:39,583 [INFO    ]   ... 'reading' question 13/39, sleeping 5.0-8.0s...
2025-11-10 00:56:46,685 [INFO    ]   ... 'reading' question 14/39, sleeping 5.0-8.0s...
2025-11-10 00:56:52,252 [INFO    ]   ... 'reading' question 15/39, sleeping 5.0-8.0s...
2025-11-10 00:56:57,732 [INFO    ]   ... 'reading' question 16/39, sleeping 5.0-8.0s...
2025-11-10 00:57:04,545 [INFO    ]   ... 'reading' question 17/39, sleeping 5.0-8.0s...
2025-11-10 00:57:10,631 [INFO    ]   ... 'reading' question 18/39, sleeping 5.0-8.0s...
2025-11-10 00:57:18,362 [INFO    ]   ... 'reading' question 19/39, sleeping 5.0-8.0s...
2025-11-10 00:57:26,298 [INFO    ]   ... 'reading' question 20/39, sleeping 5.0-8.0s...
2025-11-10 00:57:33,078 [INFO    ] 
--- FINAL SUBMISSION REPORT ---
2025-11-10 00:57:33,079 [INFO    ]   CITHM: 1 (Target: 201-268)
2025-11-10 00:57:33,079 [INFO    ]   COT: 0 (Target: 21-28)
2025-11-10 00:57:33,080 [INFO    ]   CIR: 0 (Target: 7-9)
2025-11-10 00:57:33,080 [INFO    ]   CBA: 0 (Target: 41-55)
2025-11-10 00:57:33,080 [INFO    ]   CAS: 0 (Target: 30-40)
2025-11-10 00:57:33,080 [INFO    ] Total Submissions: 2
2025-11-10 00:57:33,081 [INFO    ] Automation finished.
2025-11-10 00:59:07,291 [INFO    ] =============================================
2025-11-10 00:59:07,292 [INFO    ] Starting automation with respondent quotas...
2025-11-10 00:59:07,293 [INFO    ] Found state file 'submission_state.json'. Resuming progress...
2025-11-10 00:59:07,293 [INFO    ] Target: At least 300 total submissions.
2025-11-10 00:59:07,294 [INFO    ] Absolute Stop: Script will stop if it reaches 10 total submissions.
2025-11-10 00:59:07,295 [INFO    ] Resuming with 1 total submissions already logged.
2025-11-10 00:59:08,916 [INFO    ] 
--- Starting Submission 2 ---
2025-11-10 00:59:08,916 [INFO    ] Running for: CAS (Persona: officer)
2025-11-10 00:59:10,309 [INFO    ] Page loaded successfully on attempt 1.
2025-11-10 00:59:10,392 [INFO    ] Found 34 question blocks to fill... (Persona: officer, Speed: 5.0-8.0s)
2025-11-10 00:59:10,392 [INFO    ]   ... 'reading' question 1/34, sleeping 5.0-8.0s...
2025-11-10 00:59:18,296 [INFO    ]   ... 'reading' question 2/34, sleeping 5.0-8.0s...
2025-11-10 00:59:24,882 [INFO    ]   ... 'reading' question 3/34, sleeping 5.0-8.0s...
2025-11-10 00:59:31,411 [INFO    ]   ... 'reading' question 4/34, sleeping 5.0-8.0s...
2025-11-10 00:59:39,079 [INFO    ]   ... 'reading' question 5/34, sleeping 5.0-8.0s...
2025-11-10 00:59:46,007 [INFO    ]   ... 'reading' question 6/34, sleeping 5.0-8.0s...
2025-11-10 00:59:54,466 [INFO    ]   ... 'reading' question 7/34, sleeping 5.0-8.0s...
2025-11-10 01:00:01,693 [INFO    ]   ... 'reading' question 8/34, sleeping 5.0-8.0s...
2025-11-10 01:00:07,049 [INFO    ]   ... 'reading' question 9/34, sleeping 5.0-8.0s...
2025-11-10 01:00:14,810 [INFO    ]   ... 'reading' question 10/34, sleeping 5.0-8.0s...
2025-11-10 01:00:22,702 [INFO    ]   ... 'reading' question 11/34, sleeping 5.0-8.0s...
2025-11-10 01:00:29,779 [INFO    ]   ... 'reading' question 12/34, sleeping 5.0-8.0s...
2025-11-10 01:00:35,241 [INFO    ]   ... 'reading' question 13/34, sleeping 5.0-8.0s...
2025-11-10 01:00:41,611 [INFO    ]   ... 'reading' question 14/34, sleeping 5.0-8.0s...
2025-11-10 01:00:47,765 [INFO    ]   ... 'reading' question 15/34, sleeping 5.0-8.0s...
2025-11-10 01:00:53,456 [INFO    ]   ... 'reading' question 16/34, sleeping 5.0-8.0s...
2025-11-10 01:00:58,625 [INFO    ]   ... 'reading' question 17/34, sleeping 5.0-8.0s...
2025-11-10 01:01:04,143 [INFO    ]   ... 'reading' question 18/34, sleeping 5.0-8.0s...
2025-11-10 01:01:11,799 [INFO    ]   ... 'reading' question 19/34, sleeping 5.0-8.0s...
2025-11-10 01:01:18,157 [INFO    ]   ... 'reading' question 20/34, sleeping 5.0-8.0s...
2025-11-10 01:01:25,986 [INFO    ]   ... 'reading' question 21/34, sleeping 5.0-8.0s...
2025-11-10 01:01:31,324 [INFO    ]   ... 'reading' question 22/34, sleeping 5.0-8.0s...
2025-11-10 01:01:38,169 [INFO    ]   ... 'reading' question 23/34, sleeping 5.0-8.0s...
2025-11-10 01:01:45,846 [INFO    ]   ... 'reading' question 24/34, sleeping 5.0-8.0s...
2025-11-10 01:01:52,066 [INFO    ]   ... 'reading' question 25/34, sleeping 5.0-8.0s...
2025-11-10 01:01:57,544 [INFO    ]   ... 'reading' question 26/34, sleeping 5.0-8.0s...
2025-11-10 01:02:05,199 [INFO    ]   ... 'reading' question 27/34, sleeping 5.0-8.0s...
2025-11-10 01:02:11,108 [INFO    ]   ... 'reading' question 28/34, sleeping 5.0-8.0s...
2025-11-10 01:02:17,164 [INFO    ]   ... 'reading' question 29/34, sleeping 5.0-8.0s...
2025-11-10 01:02:22,860 [INFO    ]   ... 'reading' question 30/34, sleeping 5.0-8.0s...
2025-11-10 01:02:29,614 [INFO    ]   ... 'reading' question 31/34, sleeping 5.0-8.0s...
2025-11-10 01:02:36,688 [INFO    ]   ... 'reading' question 32/34, sleeping 5.0-8.0s...
2025-11-10 01:02:43,557 [INFO    ]   ... 'reading' question 33/34, sleeping 5.0-8.0s...
2025-11-10 01:02:49,620 [INFO    ]   ... 'reading' question 34/34, sleeping 5.0-8.0s...
2025-11-10 01:02:57,241 [INFO    ] Submission 2 complete and logged for CAS.
2025-11-10 01:02:57,266 [INFO    ] Progress saved to submission_state.json.
2025-11-10 01:03:27,287 [ERROR   ] Error during submission 2: Locator.click: Timeout 30000ms exceeded.
Call log:
  - waiting for locator("a:has-text('Submit another response')")

2025-11-10 01:03:27,288 [INFO    ] Reloading page and skipping to next submission.
2025-11-10 01:03:33,832 [INFO    ] 
--- Starting Submission 3 ---
2025-11-10 01:03:33,833 [INFO    ] Running for: CBA (Persona: apathetic)
2025-11-10 01:03:35,114 [INFO    ] Page loaded successfully on attempt 1.
2025-11-10 01:03:35,126 [INFO    ] Found 34 question blocks to fill... (Persona: apathetic, Speed: 2.0-4.0s)
2025-11-10 01:03:35,127 [INFO    ]   ... 'reading' question 1/34, sleeping 2.0-4.0s...
2025-11-10 01:03:38,270 [INFO    ]   ... 'reading' question 2/34, sleeping 2.0-4.0s...
2025-11-10 01:03:41,380 [INFO    ]   ... 'reading' question 3/34, sleeping 2.0-4.0s...
2025-11-10 01:03:43,757 [INFO    ]   ... 'reading' question 4/34, sleeping 2.0-4.0s...
2025-11-10 01:03:46,937 [INFO    ]   ... 'reading' question 5/34, sleeping 2.0-4.0s...
2025-11-10 01:03:49,529 [INFO    ] 
--- FINAL SUBMISSION REPORT ---
2025-11-10 01:03:49,530 [INFO    ]   CITHM: 1 (Target: 201-268)
2025-11-10 01:03:49,530 [INFO    ]   COT: 0 (Target: 21-28)
2025-11-10 01:03:49,531 [INFO    ]   CIR: 0 (Target: 7-9)
2025-11-10 01:03:49,531 [INFO    ]   CBA: 0 (Target: 41-55)
2025-11-10 01:03:49,532 [INFO    ]   CAS: 1 (Target: 30-40)
2025-11-10 01:03:49,532 [INFO    ] Total Submissions: 3
2025-11-10 01:03:49,532 [INFO    ] Automation finished.
2025-11-10 01:07:22,778 [INFO    ] =============================================
2025-11-10 01:07:22,778 [INFO    ] Starting automation with respondent quotas...
2025-11-10 01:07:22,780 [INFO    ] Found state file 'submission_state.json'. Resuming progress...
2025-11-10 01:07:22,780 [INFO    ] Target: At least 300 total submissions.
2025-11-10 01:07:22,781 [INFO    ] Absolute Stop: Script will stop if it reaches 10 total submissions.
2025-11-10 01:07:22,782 [INFO    ] Resuming with 2 total submissions already logged.
2025-11-10 01:07:24,432 [INFO    ] 
--- Starting Submission 3 ---
2025-11-10 01:07:24,433 [INFO    ] Running for: CBA (Persona: uninformed)
2025-11-10 01:07:26,101 [INFO    ] Page loaded successfully on attempt 1.
2025-11-10 01:07:26,123 [INFO    ] Found 34 question blocks to fill... (Persona: uninformed, Speed: 4.0-6.0s)
2025-11-10 01:07:26,123 [INFO    ]   ... 'reading' question 1/34, sleeping 4.0-6.0s...
2025-11-10 01:07:30,616 [INFO    ]   ... 'reading' question 2/34, sleeping 4.0-6.0s...
2025-11-10 01:07:37,054 [INFO    ]   ... 'reading' question 3/34, sleeping 4.0-6.0s...
2025-11-10 01:07:43,099 [INFO    ]   ... 'reading' question 4/34, sleeping 4.0-6.0s...
2025-11-10 01:07:48,888 [INFO    ]   ... 'reading' question 5/34, sleeping 4.0-6.0s...
2025-11-10 01:07:53,444 [INFO    ]   ... 'reading' question 6/34, sleeping 4.0-6.0s...
2025-11-10 01:08:59,536 [WARNING ] Could not click DEMO option 'Other'. Error: Locator.click: Timeout 30000ms exceeded.
Call log:
  - waiting for locator("div[data-automation-id='questionItem'], div[class*='question-item-content']").nth(5).locator("input[value='Other']")

2025-11-10 01:08:59,537 [INFO    ]   ... 'reading' question 7/34, sleeping 4.0-6.0s...
2025-11-10 01:09:05,124 [INFO    ]   ... 'reading' question 8/34, sleeping 4.0-6.0s...
2025-11-10 01:09:11,007 [INFO    ]   ... 'reading' question 9/34, sleeping 4.0-6.0s...
2025-11-10 01:09:16,735 [INFO    ]   ... 'reading' question 10/34, sleeping 4.0-6.0s...
2025-11-10 01:09:21,952 [INFO    ]   ... 'reading' question 11/34, sleeping 4.0-6.0s...
2025-11-10 01:09:26,400 [INFO    ]   ... 'reading' question 12/34, sleeping 4.0-6.0s...
2025-11-10 01:09:31,806 [INFO    ]   ... 'reading' question 13/34, sleeping 4.0-6.0s...
2025-11-10 01:09:37,352 [INFO    ]   ... 'reading' question 14/34, sleeping 4.0-6.0s...
2025-11-10 01:09:42,187 [INFO    ]   ... 'reading' question 15/34, sleeping 4.0-6.0s...
2025-11-10 01:09:48,074 [INFO    ]   ... 'reading' question 16/34, sleeping 4.0-6.0s...
2025-11-10 01:09:52,738 [INFO    ]   ... 'reading' question 17/34, sleeping 4.0-6.0s...
2025-11-10 01:09:58,172 [INFO    ]   ... 'reading' question 18/34, sleeping 4.0-6.0s...
2025-11-10 01:10:04,091 [INFO    ]   ... 'reading' question 19/34, sleeping 4.0-6.0s...
2025-11-10 01:10:09,665 [INFO    ]   ... 'reading' question 20/34, sleeping 4.0-6.0s...
2025-11-10 01:10:15,456 [INFO    ]   ... 'reading' question 21/34, sleeping 4.0-6.0s...
2025-11-10 01:10:21,368 [INFO    ]   ... 'reading' question 22/34, sleeping 4.0-6.0s...
2025-11-10 01:10:27,307 [INFO    ]   ... 'reading' question 23/34, sleeping 4.0-6.0s...
2025-11-10 01:10:31,947 [INFO    ]   ... 'reading' question 24/34, sleeping 4.0-6.0s...
2025-11-10 01:10:37,405 [INFO    ]   ... 'reading' question 25/34, sleeping 4.0-6.0s...
2025-11-10 01:10:43,545 [INFO    ]   ... 'reading' question 26/34, sleeping 4.0-6.0s...
2025-11-10 01:10:48,943 [INFO    ]   ... 'reading' question 27/34, sleeping 4.0-6.0s...
2025-11-10 01:10:53,733 [INFO    ]   ... 'reading' question 28/34, sleeping 4.0-6.0s...
2025-11-10 01:10:58,373 [ERROR   ] Error during submission 3: cannot access local variable 'index' where it is not associated with a value
2025-11-10 01:10:58,374 [INFO    ] Reloading page and skipping to next submission.
2025-11-10 01:11:03,924 [INFO    ] 
--- Starting Submission 4 ---
2025-11-10 01:11:03,925 [INFO    ] Running for: CIR (Persona: default)
2025-11-10 01:11:05,724 [INFO    ] Page loaded successfully on attempt 1.
2025-11-10 01:11:05,740 [INFO    ] Found 34 question blocks to fill... (Persona: default, Speed: 4.0-7.0s)
2025-11-10 01:11:05,740 [INFO    ]   ... 'reading' question 1/34, sleeping 4.0-7.0s...
2025-11-10 01:11:11,573 [INFO    ]   ... 'reading' question 2/34, sleeping 4.0-7.0s...
2025-11-10 01:11:14,520 [INFO    ] 
--- FINAL SUBMISSION REPORT ---
2025-11-10 01:11:14,521 [INFO    ]   CITHM: 1 (Target: 201-268)
2025-11-10 01:11:14,521 [INFO    ]   COT: 0 (Target: 21-28)
2025-11-10 01:11:14,522 [INFO    ]   CIR: 0 (Target: 7-9)
2025-11-10 01:11:14,522 [INFO    ]   CBA: 0 (Target: 41-55)
2025-11-10 01:11:14,522 [INFO    ]   CAS: 1 (Target: 30-40)
2025-11-10 01:11:14,523 [INFO    ] Total Submissions: 4
2025-11-10 01:11:14,523 [INFO    ] Automation finished.
